// Jest Snapshot v1, https://goo.gl/fbAQLP

exports[`Render with levels @500px 1`] = `
<div>
  <div>
    <div
      style="width: 90%; margin: auto;"
    >
      <svg
        class="lineChart"
        height="322"
        style="background-color: white;"
        width="500"
      >
        <g
          transform="translate(25, 8)"
        >
          <g
            class="legendItem test"
            opacity="1"
            transform="translate(0,0)"
          >
            <text
              dy="0.35em"
              fill="#2D3034"
              font-family="Arial, Helvetica, sans-serif"
              font-size="0.9rem"
              text-anchor="start"
              x="0"
              y="0"
            >
               
              test
            </text>
            <line
              stroke="#4F9A94"
              stroke-linecap="round"
              stroke-width="4"
              x1="0"
              x2="15"
              y1="15"
              y2="15"
            />
          </g>
        </g>
        <g
          transform="translate(25, 38)"
        >
          <g
            class="x-axis"
            fill="none"
            font-family="sans-serif"
            font-size="10"
            text-anchor="middle"
            transform="translate(0, 208)"
          >
            <g
              class="tick"
              opacity="1"
              transform="translate(405.5,0)"
            >
              <text
                dy="0.71em"
                fill="#828586"
                style="font-size: 16.075px;"
                y="21.64"
              >
                2020
              </text>
            </g>
            <g
              class="tick"
              opacity="1"
              transform="translate(270.5,0)"
            >
              <text
                dy="0.71em"
                fill="#828586"
                style="font-size: 16.075px;"
                y="21.64"
              >
                2019
              </text>
            </g>
            <g
              class="tick"
              opacity="1"
              transform="translate(135.5,0)"
            >
              <text
                dy="0.71em"
                fill="#828586"
                style="font-size: 16.075px;"
                y="21.64"
              >
                2018
              </text>
            </g>
            <g
              class="tick"
              opacity="1"
              transform="translate(0.5,0)"
            >
              <text
                dy="0.71em"
                fill="#828586"
                style="font-size: 16.075px;"
                y="21.64"
              >
                2017
              </text>
            </g>
          </g>
          <g
            class="y-axis"
            fill="none"
            font-family="sans-serif"
            font-size="10"
            text-anchor="start"
          >
            <text
              fill="#2D3034"
              style="font-size: 15.1px; font-family: arial, Helvetica Neue;"
              transform="rotate(-90)"
              x="-138.66666666666666"
              y="465.74999999999994"
            >
              Andel
            </text>
            <g
              class="tick"
              opacity="1"
              transform="translate(0,208.5)"
            >
              <line
                stroke="#D2D3D4"
                x2="405"
              />
              <text
                dy="0.32em"
                fill="#828586"
                style="font-size: 12.16px;"
                x="408"
              >
                0 %
              </text>
            </g>
            <g
              class="tick"
              opacity="1"
              transform="translate(0,166.9)"
            >
              <line
                stroke="#D2D3D4"
                x2="405"
              />
              <text
                dy="0.32em"
                fill="#828586"
                style="font-size: 12.16px;"
                x="408"
              >
                20 %
              </text>
            </g>
            <g
              class="tick"
              opacity="1"
              transform="translate(0,125.3)"
            >
              <line
                stroke="#D2D3D4"
                x2="405"
              />
              <text
                dy="0.32em"
                fill="#828586"
                style="font-size: 12.16px;"
                x="408"
              >
                40 %
              </text>
            </g>
            <g
              class="tick"
              opacity="1"
              transform="translate(0,83.7)"
            >
              <line
                stroke="#D2D3D4"
                x2="405"
              />
              <text
                dy="0.32em"
                fill="#828586"
                style="font-size: 12.16px;"
                x="408"
              >
                60 %
              </text>
            </g>
            <g
              class="tick"
              opacity="1"
              transform="translate(0,42.099999999999994)"
            >
              <line
                stroke="#D2D3D4"
                x2="405"
              />
              <text
                dy="0.32em"
                fill="#828586"
                style="font-size: 12.16px;"
                x="408"
              >
                80 %
              </text>
            </g>
            <g
              class="tick"
              opacity="1"
              transform="translate(0,0.5)"
            >
              <line
                stroke="#D2D3D4"
                x2="405"
              />
              <text
                dy="0.32em"
                fill="#828586"
                style="font-size: 12.16px;"
                x="408"
              >
                100 %
              </text>
            </g>
          </g>
          <g
            class="levels"
          >
            <rect
              class="level"
              data-testid="level-high"
              fill="#3baa34"
              height="20.80000000000001"
              opacity="0.2"
              width="405"
              x="0"
              y="0"
            />
            <rect
              class="level"
              data-testid="level-mid"
              fill="#fd9c00"
              height="83.19999999999999"
              opacity="0.2"
              width="405"
              x="0"
              y="20.799999999999997"
            />
            <rect
              class="level"
              data-testid="level-low"
              fill="#e30713"
              height="104"
              opacity="0.2"
              width="405"
              x="0"
              y="104"
            />
          </g>
          <g
            class="linesComplete"
          >
            <path
              class="line"
              d="M405,101.224656L270,176.79999999999998L135,134.5344L0,182.208"
              fill="none"
              opacity="1"
              stroke="#4F9A94"
              style="stroke-width: 3; stroke-linejoin: round; stroke-linecap: round; mix-blend-mode: multiply;"
            />
          </g>
          <g
            class="linesIncomplete"
          />
          <g
            class="dots"
          >
            <circle
              class="dot"
              cx="405"
              cy="101.224656"
              fill="#4F9A94"
              opacity="1"
              r="4"
              stroke="#4F9A94"
              style="mix-blend-mode: multiply;"
            />
            <circle
              class="dot"
              cx="270"
              cy="176.79999999999998"
              fill="#4F9A94"
              opacity="1"
              r="4"
              stroke="#4F9A94"
              style="mix-blend-mode: multiply;"
            />
            <circle
              class="dot"
              cx="135"
              cy="134.5344"
              fill="#4F9A94"
              opacity="1"
              r="4"
              stroke="#4F9A94"
              style="mix-blend-mode: multiply;"
            />
            <circle
              class="dot"
              cx="0"
              cy="182.208"
              fill="#4F9A94"
              opacity="1"
              r="4"
              stroke="#4F9A94"
              style="mix-blend-mode: multiply;"
            />
          </g>
        </g>
      </svg>
    </div>
  </div>
</div>
`;

exports[`Render with levels reversed @500px 1`] = `
<div>
  <div>
    <div
      style="width: 90%; margin: auto;"
    >
      <svg
        class="lineChart"
        height="322"
        style="background-color: white;"
        width="500"
      >
        <g
          transform="translate(25, 8)"
        >
          <g
            class="legendItem test"
            opacity="1"
            transform="translate(0,0)"
          >
            <text
              dy="0.35em"
              fill="#2D3034"
              font-family="Arial, Helvetica, sans-serif"
              font-size="0.9rem"
              text-anchor="start"
              x="0"
              y="0"
            >
               
              test
            </text>
            <line
              stroke="#4F9A94"
              stroke-linecap="round"
              stroke-width="4"
              x1="0"
              x2="15"
              y1="15"
              y2="15"
            />
          </g>
          <g
            class="legendItem test2"
            opacity="1"
            transform="translate(0,0)"
          >
            <text
              dy="0.35em"
              fill="#2D3034"
              font-family="Arial, Helvetica, sans-serif"
              font-size="0.9rem"
              text-anchor="start"
              x="0"
              y="0"
            >
               
              test2
            </text>
            <line
              stroke="#90CAF9"
              stroke-linecap="round"
              stroke-width="4"
              x1="0"
              x2="15"
              y1="15"
              y2="15"
            />
          </g>
        </g>
        <g
          transform="translate(25, 38)"
        >
          <g
            class="x-axis"
            fill="none"
            font-family="sans-serif"
            font-size="10"
            text-anchor="middle"
            transform="translate(0, 208)"
          >
            <g
              class="tick"
              opacity="1"
              transform="translate(405.5,0)"
            >
              <text
                dy="0.71em"
                fill="#828586"
                style="font-size: 16.075px;"
                y="21.64"
              >
                2020
              </text>
            </g>
            <g
              class="tick"
              opacity="1"
              transform="translate(270.5,0)"
            >
              <text
                dy="0.71em"
                fill="#828586"
                style="font-size: 16.075px;"
                y="21.64"
              >
                2019
              </text>
            </g>
            <g
              class="tick"
              opacity="1"
              transform="translate(135.5,0)"
            >
              <text
                dy="0.71em"
                fill="#828586"
                style="font-size: 16.075px;"
                y="21.64"
              >
                2018
              </text>
            </g>
            <g
              class="tick"
              opacity="1"
              transform="translate(0.5,0)"
            >
              <text
                dy="0.71em"
                fill="#828586"
                style="font-size: 16.075px;"
                y="21.64"
              >
                2017
              </text>
            </g>
          </g>
          <g
            class="y-axis"
            fill="none"
            font-family="sans-serif"
            font-size="10"
            text-anchor="start"
          >
            <text
              fill="#2D3034"
              style="font-size: 15.1px; font-family: arial, Helvetica Neue;"
              transform="rotate(-90)"
              x="-138.66666666666666"
              y="465.74999999999994"
            >
              Antall
            </text>
            <g
              class="tick"
              opacity="1"
              transform="translate(0,208.5)"
            >
              <line
                stroke="#D2D3D4"
                x2="405"
              />
              <text
                dy="0.32em"
                fill="#828586"
                style="font-size: 12.16px;"
                x="408"
              >
                0
              </text>
            </g>
            <g
              class="tick"
              opacity="1"
              transform="translate(0,174.9516129032258)"
            >
              <line
                stroke="#D2D3D4"
                x2="405"
              />
              <text
                dy="0.32em"
                fill="#828586"
                style="font-size: 12.16px;"
                x="408"
              >
                0,1
              </text>
            </g>
            <g
              class="tick"
              opacity="1"
              transform="translate(0,141.40322580645162)"
            >
              <line
                stroke="#D2D3D4"
                x2="405"
              />
              <text
                dy="0.32em"
                fill="#828586"
                style="font-size: 12.16px;"
                x="408"
              >
                0,2
              </text>
            </g>
            <g
              class="tick"
              opacity="1"
              transform="translate(0,107.85483870967741)"
            >
              <line
                stroke="#D2D3D4"
                x2="405"
              />
              <text
                dy="0.32em"
                fill="#828586"
                style="font-size: 12.16px;"
                x="408"
              >
                0,3
              </text>
            </g>
            <g
              class="tick"
              opacity="1"
              transform="translate(0,74.3064516129032)"
            >
              <line
                stroke="#D2D3D4"
                x2="405"
              />
              <text
                dy="0.32em"
                fill="#828586"
                style="font-size: 12.16px;"
                x="408"
              >
                0,4
              </text>
            </g>
            <g
              class="tick"
              opacity="1"
              transform="translate(0,40.75806451612902)"
            >
              <line
                stroke="#D2D3D4"
                x2="405"
              />
              <text
                dy="0.32em"
                fill="#828586"
                style="font-size: 12.16px;"
                x="408"
              >
                0,5
              </text>
            </g>
            <g
              class="tick"
              opacity="1"
              transform="translate(0,7.209677419354856)"
            >
              <line
                stroke="#D2D3D4"
                x2="405"
              />
              <text
                dy="0.32em"
                fill="#828586"
                style="font-size: 12.16px;"
                x="408"
              >
                0,6
              </text>
            </g>
          </g>
          <g
            class="levels"
          >
            <rect
              class="level"
              data-testid="level-high"
              fill="#3baa34"
              height="67.09677419354838"
              opacity="0.2"
              width="405"
              x="0"
              y="140.90322580645162"
            />
            <rect
              class="level"
              data-testid="level-mid"
              fill="#fd9c00"
              height="67.09677419354841"
              opacity="0.2"
              width="405"
              x="0"
              y="73.8064516129032"
            />
            <rect
              class="level"
              data-testid="level-low"
              fill="#e30713"
              height="73.8064516129032"
              opacity="0.2"
              width="405"
              x="0"
              y="0"
            />
          </g>
          <g
            class="linesComplete"
          >
            <path
              class="line"
              d="M270,157.67741935483872L135,89.50709677419354L0,166.4"
              fill="none"
              opacity="1"
              stroke="#4F9A94"
              style="stroke-width: 3; stroke-linejoin: round; stroke-linecap: round; mix-blend-mode: multiply;"
            />
            <path
              class="line"
              d="M270,40.25806451612902L135,29.522580645161273L0,127.48387096774194"
              fill="none"
              opacity="1"
              stroke="#90CAF9"
              style="stroke-width: 3; stroke-linejoin: round; stroke-linecap: round; mix-blend-mode: multiply;"
            />
          </g>
          <g
            class="linesIncomplete"
          >
            <path
              class="line"
              d="M405,35.781703225806446L270,157.67741935483872"
              fill="none"
              opacity="1"
              stroke="#4F9A94"
              style="stroke-width: 3; stroke-dasharray: 10, 10; stroke-linejoin: round; stroke-linecap: round; mix-blend-mode: multiply;"
            />
            <path
              class="line"
              d="M405,163.2363870967742L270,40.25806451612902"
              fill="none"
              opacity="1"
              stroke="#90CAF9"
              style="stroke-width: 3; stroke-dasharray: 10, 10; stroke-linejoin: round; stroke-linecap: round; mix-blend-mode: multiply;"
            />
          </g>
          <g
            class="dots"
          >
            <circle
              class="dot"
              cx="405"
              cy="35.781703225806446"
              fill="#4F9A94"
              opacity="1"
              r="4"
              stroke="#4F9A94"
              style="mix-blend-mode: multiply;"
            />
            <circle
              class="dot"
              cx="270"
              cy="157.67741935483872"
              fill="#4F9A94"
              opacity="1"
              r="4"
              stroke="#4F9A94"
              style="mix-blend-mode: multiply;"
            />
            <circle
              class="dot"
              cx="135"
              cy="89.50709677419354"
              fill="#4F9A94"
              opacity="1"
              r="4"
              stroke="#4F9A94"
              style="mix-blend-mode: multiply;"
            />
            <circle
              class="dot"
              cx="0"
              cy="166.4"
              fill="#4F9A94"
              opacity="1"
              r="4"
              stroke="#4F9A94"
              style="mix-blend-mode: multiply;"
            />
            <circle
              class="dot"
              cx="405"
              cy="163.2363870967742"
              fill="#90CAF9"
              opacity="1"
              r="4"
              stroke="#90CAF9"
              style="mix-blend-mode: multiply;"
            />
            <circle
              class="dot"
              cx="270"
              cy="40.25806451612902"
              fill="#90CAF9"
              opacity="1"
              r="4"
              stroke="#90CAF9"
              style="mix-blend-mode: multiply;"
            />
            <circle
              class="dot"
              cx="135"
              cy="29.522580645161273"
              fill="#90CAF9"
              opacity="1"
              r="4"
              stroke="#90CAF9"
              style="mix-blend-mode: multiply;"
            />
            <circle
              class="dot"
              cx="0"
              cy="127.48387096774194"
              fill="#90CAF9"
              opacity="1"
              r="4"
              stroke="#90CAF9"
              style="mix-blend-mode: multiply;"
            />
          </g>
        </g>
      </svg>
    </div>
  </div>
</div>
`;

exports[`Render without levels @250px 1`] = `
<div>
  <div>
    <div
      style="width: 90%; margin: auto;"
    >
      <svg
        class="lineChart"
        height="322"
        style="background-color: white;"
        width="500"
      >
        <g
          transform="translate(25, 8)"
        >
          <g
            class="legendItem a"
            opacity="1"
            transform="translate(0,0)"
          >
            <text
              dy="0.35em"
              fill="#2D3034"
              font-family="Arial, Helvetica, sans-serif"
              font-size="0.9rem"
              text-anchor="start"
              x="0"
              y="0"
            >
               
              a
            </text>
            <line
              stroke="#4F9A94"
              stroke-linecap="round"
              stroke-width="4"
              x1="0"
              x2="15"
              y1="15"
              y2="15"
            />
          </g>
        </g>
        <g
          transform="translate(25, 38)"
        >
          <g
            class="x-axis"
            fill="none"
            font-family="sans-serif"
            font-size="10"
            text-anchor="middle"
            transform="translate(0, 208)"
          >
            <g
              class="tick"
              opacity="1"
              transform="translate(405.5,0)"
            >
              <text
                dy="0.71em"
                fill="#828586"
                style="font-size: 16.075px;"
                y="21.64"
              >
                2020
              </text>
            </g>
            <g
              class="tick"
              opacity="1"
              transform="translate(270.5,0)"
            >
              <text
                dy="0.71em"
                fill="#828586"
                style="font-size: 16.075px;"
                y="21.64"
              >
                2019
              </text>
            </g>
            <g
              class="tick"
              opacity="1"
              transform="translate(135.5,0)"
            >
              <text
                dy="0.71em"
                fill="#828586"
                style="font-size: 16.075px;"
                y="21.64"
              >
                2018
              </text>
            </g>
            <g
              class="tick"
              opacity="1"
              transform="translate(0.5,0)"
            >
              <text
                dy="0.71em"
                fill="#828586"
                style="font-size: 16.075px;"
                y="21.64"
              >
                2017
              </text>
            </g>
          </g>
          <g
            class="y-axis"
            fill="none"
            font-family="sans-serif"
            font-size="10"
            text-anchor="start"
          >
            <text
              fill="#2D3034"
              style="font-size: 15.1px; font-family: arial, Helvetica Neue;"
              transform="rotate(-90)"
              x="-138.66666666666666"
              y="465.74999999999994"
            >
              Antall
            </text>
            <g
              class="tick"
              opacity="1"
              transform="translate(0,208.5)"
            >
              <line
                stroke="#D2D3D4"
                x2="405"
              />
              <text
                dy="0.32em"
                fill="#828586"
                style="font-size: 12.16px;"
                x="408"
              >
                0
              </text>
            </g>
            <g
              class="tick"
              opacity="1"
              transform="translate(0,173.24576271186442)"
            >
              <line
                stroke="#D2D3D4"
                x2="405"
              />
              <text
                dy="0.32em"
                fill="#828586"
                style="font-size: 12.16px;"
                x="408"
              >
                0,1
              </text>
            </g>
            <g
              class="tick"
              opacity="1"
              transform="translate(0,137.99152542372883)"
            >
              <line
                stroke="#D2D3D4"
                x2="405"
              />
              <text
                dy="0.32em"
                fill="#828586"
                style="font-size: 12.16px;"
                x="408"
              >
                0,2
              </text>
            </g>
            <g
              class="tick"
              opacity="1"
              transform="translate(0,102.73728813559322)"
            >
              <line
                stroke="#D2D3D4"
                x2="405"
              />
              <text
                dy="0.32em"
                fill="#828586"
                style="font-size: 12.16px;"
                x="408"
              >
                0,3
              </text>
            </g>
            <g
              class="tick"
              opacity="1"
              transform="translate(0,67.4830508474576)"
            >
              <line
                stroke="#D2D3D4"
                x2="405"
              />
              <text
                dy="0.32em"
                fill="#828586"
                style="font-size: 12.16px;"
                x="408"
              >
                0,4
              </text>
            </g>
            <g
              class="tick"
              opacity="1"
              transform="translate(0,32.22881355932202)"
            >
              <line
                stroke="#D2D3D4"
                x2="405"
              />
              <text
                dy="0.32em"
                fill="#828586"
                style="font-size: 12.16px;"
                x="408"
              >
                0,5
              </text>
            </g>
          </g>
          <g
            class="levels"
          />
          <g
            class="linesComplete"
          >
            <path
              class="line"
              d="M405,31.72881355932202L270,155.11864406779662L135,102.23728813559322L0,172.74576271186442"
              fill="none"
              opacity="1"
              stroke="#4F9A94"
              style="stroke-width: 3; stroke-linejoin: round; stroke-linecap: round; mix-blend-mode: multiply;"
            />
          </g>
          <g
            class="linesIncomplete"
          />
          <g
            class="dots"
          >
            <circle
              class="dot"
              cx="405"
              cy="31.72881355932202"
              fill="#4F9A94"
              opacity="1"
              r="4"
              stroke="#4F9A94"
              style="mix-blend-mode: multiply;"
            />
            <circle
              class="dot"
              cx="270"
              cy="155.11864406779662"
              fill="#4F9A94"
              opacity="1"
              r="4"
              stroke="#4F9A94"
              style="mix-blend-mode: multiply;"
            />
            <circle
              class="dot"
              cx="135"
              cy="102.23728813559322"
              fill="#4F9A94"
              opacity="1"
              r="4"
              stroke="#4F9A94"
              style="mix-blend-mode: multiply;"
            />
            <circle
              class="dot"
              cx="0"
              cy="172.74576271186442"
              fill="#4F9A94"
              opacity="1"
              r="4"
              stroke="#4F9A94"
              style="mix-blend-mode: multiply;"
            />
          </g>
        </g>
      </svg>
    </div>
  </div>
</div>
`;
