// Jest Snapshot v1, https://goo.gl/fbAQLP

exports[`Render with levels @250px 1`] = `
<div>
  <div
    style="width: 90%; margin: auto;"
  >
    <svg
      class="barChart"
      height="150"
      style="background-color: white;"
      width="0"
    >
      <g
        transform="translate(0, 0)"
      >
        <g
          class="x-axis"
          fill="none"
          font-family="sans-serif"
          font-size="10"
          style="transform: translateY(150px);"
          text-anchor="middle"
        >
          <g
            class="tick"
            opacity="1"
            transform="translate(0.5,0)"
          >
            <line
              stroke="#D2D3D4"
              y2="-150"
            />
            <text
              dy="0.71em"
              fill="#828586"
              font-size="18.57px"
              y="3"
            >
              0%
            </text>
          </g>
          <g
            class="tick"
            opacity="1"
            transform="translate(0.5,0)"
          >
            <line
              stroke="#D2D3D4"
              y2="-150"
            />
            <text
              dy="0.71em"
              fill="#828586"
              font-size="18.57px"
              y="3"
            >
              20%
            </text>
          </g>
          <g
            class="tick"
            opacity="1"
            transform="translate(0.5,0)"
          >
            <line
              stroke="#D2D3D4"
              y2="-150"
            />
            <text
              dy="0.71em"
              fill="#828586"
              font-size="18.57px"
              y="3"
            >
              40%
            </text>
          </g>
          <g
            class="tick"
            opacity="1"
            transform="translate(0.5,0)"
          >
            <line
              stroke="#D2D3D4"
              y2="-150"
            />
            <text
              dy="0.71em"
              fill="#828586"
              font-size="18.57px"
              y="3"
            >
              60%
            </text>
          </g>
          <g
            class="tick"
            opacity="1"
            transform="translate(0.5,0)"
          >
            <line
              stroke="#D2D3D4"
              y2="-150"
            />
            <text
              dy="0.71em"
              fill="#828586"
              font-size="18.57px"
              y="3"
            >
              80%
            </text>
          </g>
          <g
            class="tick"
            opacity="1"
            transform="translate(0.5,0)"
          >
            <line
              stroke="#D2D3D4"
              y2="-150"
            />
            <text
              dy="0.71em"
              fill="#828586"
              font-size="18.57px"
              y="3"
            >
              100%
            </text>
          </g>
        </g>
        <g
          class="y-axis"
          fill="none"
          font-family="sans-serif"
          font-size="10"
          text-anchor="end"
        >
          <g
            class="tick"
            opacity="1"
            transform="translate(0,22.674418604651155)"
          >
            <text
              dy="0.32em"
              fill="currentColor"
              font-size="1.2rem"
              x="-9"
            >
              a
            </text>
          </g>
          <g
            class="tick"
            opacity="1"
            transform="translate(0,57.55813953488371)"
          >
            <text
              dy="0.32em"
              fill="currentColor"
              font-size="1.2rem"
              x="-9"
            >
              b
            </text>
          </g>
          <g
            class="tick"
            opacity="1"
            transform="translate(0,92.44186046511626)"
          >
            <text
              dy="0.32em"
              fill="currentColor"
              font-size="1.2rem"
              x="-9"
            >
              c
            </text>
          </g>
          <g
            class="tick"
            opacity="1"
            transform="translate(0,127.32558139534882)"
          >
            <text
              dy="0.32em"
              fill="currentColor"
              font-size="1.2rem"
              x="-9"
            >
              d
            </text>
          </g>
        </g>
        <g
          class="levels"
        >
          <rect
            class="level"
            data-testid="level-high"
            fill="#3baa34"
            height="150"
            opacity="0.2"
            width="0"
            x="0"
            y="0"
          />
          <rect
            class="level"
            data-testid="level-mid"
            fill="#fd9c00"
            height="150"
            opacity="0.2"
            width="0"
            x="0"
            y="0"
          />
          <rect
            class="level"
            data-testid="level-low"
            fill="#e30713"
            height="150"
            opacity="0.2"
            width="0"
            x="0"
            y="0"
          />
        </g>
        <g
          class="bars"
        >
          <rect
            class="bar"
            data-testid="bar-a"
            fill="#7EBEC7"
            height="24.418604651162788"
            opacity="1"
            width="0"
            x="0"
            y="10.465116279069761"
          />
          <rect
            class="bar"
            data-testid="bar-b"
            fill="#7EBEC7"
            height="24.418604651162788"
            opacity="1"
            width="0"
            x="0"
            y="45.34883720930232"
          />
          <rect
            class="bar"
            data-testid="bar-c"
            fill="#7EBEC7"
            height="24.418604651162788"
            opacity="1"
            width="0"
            x="0"
            y="80.23255813953487"
          />
          <rect
            class="bar"
            data-testid="bar-d"
            fill="#7EBEC7"
            height="24.418604651162788"
            opacity="1"
            width="0"
            x="0"
            y="115.11627906976743"
          />
        </g>
      </g>
    </svg>
  </div>
</div>
`;

exports[`Render with levels @500px 1`] = `
<div>
  <div
    style="width: 90%; margin: auto;"
  >
    <svg
      class="barChart"
      height="150"
      style="background-color: white;"
      width="0"
    >
      <g
        transform="translate(0, 0)"
      >
        <g
          class="x-axis"
          fill="none"
          font-family="sans-serif"
          font-size="10"
          style="transform: translateY(150px);"
          text-anchor="middle"
        >
          <g
            class="tick"
            opacity="1"
            transform="translate(0.5,0)"
          >
            <line
              stroke="#D2D3D4"
              y2="-150"
            />
            <text
              dy="0.71em"
              fill="#828586"
              font-size="18.57px"
              y="3"
            >
              0%
            </text>
          </g>
          <g
            class="tick"
            opacity="1"
            transform="translate(0.5,0)"
          >
            <line
              stroke="#D2D3D4"
              y2="-150"
            />
            <text
              dy="0.71em"
              fill="#828586"
              font-size="18.57px"
              y="3"
            >
              20%
            </text>
          </g>
          <g
            class="tick"
            opacity="1"
            transform="translate(0.5,0)"
          >
            <line
              stroke="#D2D3D4"
              y2="-150"
            />
            <text
              dy="0.71em"
              fill="#828586"
              font-size="18.57px"
              y="3"
            >
              40%
            </text>
          </g>
          <g
            class="tick"
            opacity="1"
            transform="translate(0.5,0)"
          >
            <line
              stroke="#D2D3D4"
              y2="-150"
            />
            <text
              dy="0.71em"
              fill="#828586"
              font-size="18.57px"
              y="3"
            >
              60%
            </text>
          </g>
          <g
            class="tick"
            opacity="1"
            transform="translate(0.5,0)"
          >
            <line
              stroke="#D2D3D4"
              y2="-150"
            />
            <text
              dy="0.71em"
              fill="#828586"
              font-size="18.57px"
              y="3"
            >
              80%
            </text>
          </g>
          <g
            class="tick"
            opacity="1"
            transform="translate(0.5,0)"
          >
            <line
              stroke="#D2D3D4"
              y2="-150"
            />
            <text
              dy="0.71em"
              fill="#828586"
              font-size="18.57px"
              y="3"
            >
              100%
            </text>
          </g>
        </g>
        <g
          class="y-axis"
          fill="none"
          font-family="sans-serif"
          font-size="10"
          text-anchor="end"
        >
          <g
            class="tick"
            opacity="1"
            transform="translate(0,22.674418604651155)"
          >
            <text
              dy="0.32em"
              fill="currentColor"
              font-size="1.2rem"
              x="-9"
            >
              a
            </text>
          </g>
          <g
            class="tick"
            opacity="1"
            transform="translate(0,57.55813953488371)"
          >
            <text
              dy="0.32em"
              fill="currentColor"
              font-size="1.2rem"
              x="-9"
            >
              b
            </text>
          </g>
          <g
            class="tick"
            opacity="1"
            transform="translate(0,92.44186046511626)"
          >
            <text
              dy="0.32em"
              fill="currentColor"
              font-size="1.2rem"
              x="-9"
            >
              c
            </text>
          </g>
          <g
            class="tick"
            opacity="1"
            transform="translate(0,127.32558139534882)"
          >
            <text
              dy="0.32em"
              fill="currentColor"
              font-size="1.2rem"
              x="-9"
            >
              d
            </text>
          </g>
        </g>
        <g
          class="levels"
        >
          <rect
            class="level"
            data-testid="level-high"
            fill="#3baa34"
            height="150"
            opacity="0.2"
            width="0"
            x="0"
            y="0"
          />
          <rect
            class="level"
            data-testid="level-mid"
            fill="#fd9c00"
            height="150"
            opacity="0.2"
            width="0"
            x="0"
            y="0"
          />
          <rect
            class="level"
            data-testid="level-low"
            fill="#e30713"
            height="150"
            opacity="0.2"
            width="0"
            x="0"
            y="0"
          />
        </g>
        <g
          class="bars"
        >
          <rect
            class="bar"
            data-testid="bar-a"
            fill="#7EBEC7"
            height="24.418604651162788"
            opacity="1"
            width="0"
            x="0"
            y="10.465116279069761"
          />
          <rect
            class="bar"
            data-testid="bar-b"
            fill="#7EBEC7"
            height="24.418604651162788"
            opacity="1"
            width="0"
            x="0"
            y="45.34883720930232"
          />
          <rect
            class="bar"
            data-testid="bar-c"
            fill="#7EBEC7"
            height="24.418604651162788"
            opacity="1"
            width="0"
            x="0"
            y="80.23255813953487"
          />
          <rect
            class="bar"
            data-testid="bar-d"
            fill="#7EBEC7"
            height="24.418604651162788"
            opacity="1"
            width="0"
            x="0"
            y="115.11627906976743"
          />
        </g>
      </g>
    </svg>
  </div>
</div>
`;

exports[`Render with levels reversed @500px 1`] = `
<div>
  <div
    style="width: 90%; margin: auto;"
  >
    <svg
      class="barChart"
      height="150"
      style="background-color: white;"
      width="0"
    >
      <g
        transform="translate(0, 0)"
      >
        <g
          class="x-axis"
          fill="none"
          font-family="sans-serif"
          font-size="10"
          style="transform: translateY(150px);"
          text-anchor="middle"
        >
          <g
            class="tick"
            opacity="1"
            transform="translate(0.5,0)"
          >
            <line
              stroke="#D2D3D4"
              y2="-150"
            />
            <text
              dy="0.71em"
              fill="#828586"
              font-size="18.57px"
              y="3"
            >
              0%
            </text>
          </g>
          <g
            class="tick"
            opacity="1"
            transform="translate(0.5,0)"
          >
            <line
              stroke="#D2D3D4"
              y2="-150"
            />
            <text
              dy="0.71em"
              fill="#828586"
              font-size="18.57px"
              y="3"
            >
              20%
            </text>
          </g>
          <g
            class="tick"
            opacity="1"
            transform="translate(0.5,0)"
          >
            <line
              stroke="#D2D3D4"
              y2="-150"
            />
            <text
              dy="0.71em"
              fill="#828586"
              font-size="18.57px"
              y="3"
            >
              40%
            </text>
          </g>
          <g
            class="tick"
            opacity="1"
            transform="translate(0.5,0)"
          >
            <line
              stroke="#D2D3D4"
              y2="-150"
            />
            <text
              dy="0.71em"
              fill="#828586"
              font-size="18.57px"
              y="3"
            >
              60%
            </text>
          </g>
          <g
            class="tick"
            opacity="1"
            transform="translate(0.5,0)"
          >
            <line
              stroke="#D2D3D4"
              y2="-150"
            />
            <text
              dy="0.71em"
              fill="#828586"
              font-size="18.57px"
              y="3"
            >
              80%
            </text>
          </g>
          <g
            class="tick"
            opacity="1"
            transform="translate(0.5,0)"
          >
            <line
              stroke="#D2D3D4"
              y2="-150"
            />
            <text
              dy="0.71em"
              fill="#828586"
              font-size="18.57px"
              y="3"
            >
              100%
            </text>
          </g>
        </g>
        <g
          class="y-axis"
          fill="none"
          font-family="sans-serif"
          font-size="10"
          text-anchor="end"
        >
          <g
            class="tick"
            opacity="1"
            transform="translate(0,22.674418604651155)"
          >
            <text
              dy="0.32em"
              fill="currentColor"
              font-size="1.2rem"
              x="-9"
            >
              a
            </text>
          </g>
          <g
            class="tick"
            opacity="1"
            transform="translate(0,57.55813953488371)"
          >
            <text
              dy="0.32em"
              fill="currentColor"
              font-size="1.2rem"
              x="-9"
            >
              b
            </text>
          </g>
          <g
            class="tick"
            opacity="1"
            transform="translate(0,92.44186046511626)"
          >
            <text
              dy="0.32em"
              fill="currentColor"
              font-size="1.2rem"
              x="-9"
            >
              c
            </text>
          </g>
          <g
            class="tick"
            opacity="1"
            transform="translate(0,127.32558139534882)"
          >
            <text
              dy="0.32em"
              fill="currentColor"
              font-size="1.2rem"
              x="-9"
            >
              d
            </text>
          </g>
        </g>
        <g
          class="levels"
        >
          <rect
            class="level"
            data-testid="level-high"
            fill="#3baa34"
            height="150"
            opacity="0.2"
            width="0"
            x="0"
            y="0"
          />
          <rect
            class="level"
            data-testid="level-mid"
            fill="#fd9c00"
            height="150"
            opacity="0.2"
            width="0"
            x="0"
            y="0"
          />
          <rect
            class="level"
            data-testid="level-low"
            fill="#e30713"
            height="150"
            opacity="0.2"
            width="0"
            x="0"
            y="0"
          />
        </g>
        <g
          class="bars"
        >
          <rect
            class="bar"
            data-testid="bar-a"
            fill="#7EBEC7"
            height="24.418604651162788"
            opacity="1"
            width="0"
            x="0"
            y="10.465116279069761"
          />
          <rect
            class="bar"
            data-testid="bar-b"
            fill="#7EBEC7"
            height="24.418604651162788"
            opacity="1"
            width="0"
            x="0"
            y="45.34883720930232"
          />
          <rect
            class="bar"
            data-testid="bar-c"
            fill="#7EBEC7"
            height="24.418604651162788"
            opacity="1"
            width="0"
            x="0"
            y="80.23255813953487"
          />
          <rect
            class="bar"
            data-testid="bar-d"
            fill="#7EBEC7"
            height="24.418604651162788"
            opacity="1"
            width="0"
            x="0"
            y="115.11627906976743"
          />
        </g>
      </g>
    </svg>
  </div>
</div>
`;

exports[`Render without levels @250px 1`] = `
<div>
  <div
    style="width: 90%; margin: auto;"
  >
    <svg
      class="barChart"
      height="150"
      style="background-color: white;"
      width="0"
    >
      <g
        transform="translate(0, 0)"
      >
        <g
          class="x-axis"
          fill="none"
          font-family="sans-serif"
          font-size="10"
          style="transform: translateY(150px);"
          text-anchor="middle"
        >
          <g
            class="tick"
            opacity="1"
            transform="translate(0.5,0)"
          >
            <line
              stroke="#D2D3D4"
              y2="-150"
            />
            <text
              dy="0.71em"
              fill="#828586"
              font-size="18.57px"
              y="3"
            >
              0%
            </text>
          </g>
          <g
            class="tick"
            opacity="1"
            transform="translate(0.5,0)"
          >
            <line
              stroke="#D2D3D4"
              y2="-150"
            />
            <text
              dy="0.71em"
              fill="#828586"
              font-size="18.57px"
              y="3"
            >
              20%
            </text>
          </g>
          <g
            class="tick"
            opacity="1"
            transform="translate(0.5,0)"
          >
            <line
              stroke="#D2D3D4"
              y2="-150"
            />
            <text
              dy="0.71em"
              fill="#828586"
              font-size="18.57px"
              y="3"
            >
              40%
            </text>
          </g>
          <g
            class="tick"
            opacity="1"
            transform="translate(0.5,0)"
          >
            <line
              stroke="#D2D3D4"
              y2="-150"
            />
            <text
              dy="0.71em"
              fill="#828586"
              font-size="18.57px"
              y="3"
            >
              60%
            </text>
          </g>
          <g
            class="tick"
            opacity="1"
            transform="translate(0.5,0)"
          >
            <line
              stroke="#D2D3D4"
              y2="-150"
            />
            <text
              dy="0.71em"
              fill="#828586"
              font-size="18.57px"
              y="3"
            >
              80%
            </text>
          </g>
          <g
            class="tick"
            opacity="1"
            transform="translate(0.5,0)"
          >
            <line
              stroke="#D2D3D4"
              y2="-150"
            />
            <text
              dy="0.71em"
              fill="#828586"
              font-size="18.57px"
              y="3"
            >
              100%
            </text>
          </g>
        </g>
        <g
          class="y-axis"
          fill="none"
          font-family="sans-serif"
          font-size="10"
          text-anchor="end"
        >
          <g
            class="tick"
            opacity="1"
            transform="translate(0,22.674418604651155)"
          >
            <text
              dy="0.32em"
              fill="currentColor"
              font-size="1.2rem"
              x="-9"
            >
              a
            </text>
          </g>
          <g
            class="tick"
            opacity="1"
            transform="translate(0,57.55813953488371)"
          >
            <text
              dy="0.32em"
              fill="currentColor"
              font-size="1.2rem"
              x="-9"
            >
              b
            </text>
          </g>
          <g
            class="tick"
            opacity="1"
            transform="translate(0,92.44186046511626)"
          >
            <text
              dy="0.32em"
              fill="currentColor"
              font-size="1.2rem"
              x="-9"
            >
              c
            </text>
          </g>
          <g
            class="tick"
            opacity="1"
            transform="translate(0,127.32558139534882)"
          >
            <text
              dy="0.32em"
              fill="currentColor"
              font-size="1.2rem"
              x="-9"
            >
              d
            </text>
          </g>
        </g>
        <g
          class="levels"
        />
        <g
          class="bars"
        >
          <rect
            class="bar"
            data-testid="bar-a"
            fill="#7EBEC7"
            height="24.418604651162788"
            opacity="1"
            width="0"
            x="0"
            y="10.465116279069761"
          />
          <rect
            class="bar"
            data-testid="bar-b"
            fill="#7EBEC7"
            height="24.418604651162788"
            opacity="1"
            width="0"
            x="0"
            y="45.34883720930232"
          />
          <rect
            class="bar"
            data-testid="bar-c"
            fill="#7EBEC7"
            height="24.418604651162788"
            opacity="1"
            width="0"
            x="0"
            y="80.23255813953487"
          />
          <rect
            class="bar"
            data-testid="bar-d"
            fill="#7EBEC7"
            height="24.418604651162788"
            opacity="1"
            width="0"
            x="0"
            y="115.11627906976743"
          />
        </g>
      </g>
    </svg>
  </div>
</div>
`;

exports[`Render without levels @500px 1`] = `
<div>
  <div
    style="width: 90%; margin: auto;"
  >
    <svg
      class="barChart"
      height="150"
      style="background-color: white;"
      width="0"
    >
      <g
        transform="translate(0, 0)"
      >
        <g
          class="x-axis"
          fill="none"
          font-family="sans-serif"
          font-size="10"
          style="transform: translateY(150px);"
          text-anchor="middle"
        >
          <g
            class="tick"
            opacity="1"
            transform="translate(0.5,0)"
          >
            <line
              stroke="#D2D3D4"
              y2="-150"
            />
            <text
              dy="0.71em"
              fill="#828586"
              font-size="18.57px"
              y="3"
            >
              0%
            </text>
          </g>
          <g
            class="tick"
            opacity="1"
            transform="translate(0.5,0)"
          >
            <line
              stroke="#D2D3D4"
              y2="-150"
            />
            <text
              dy="0.71em"
              fill="#828586"
              font-size="18.57px"
              y="3"
            >
              20%
            </text>
          </g>
          <g
            class="tick"
            opacity="1"
            transform="translate(0.5,0)"
          >
            <line
              stroke="#D2D3D4"
              y2="-150"
            />
            <text
              dy="0.71em"
              fill="#828586"
              font-size="18.57px"
              y="3"
            >
              40%
            </text>
          </g>
          <g
            class="tick"
            opacity="1"
            transform="translate(0.5,0)"
          >
            <line
              stroke="#D2D3D4"
              y2="-150"
            />
            <text
              dy="0.71em"
              fill="#828586"
              font-size="18.57px"
              y="3"
            >
              60%
            </text>
          </g>
          <g
            class="tick"
            opacity="1"
            transform="translate(0.5,0)"
          >
            <line
              stroke="#D2D3D4"
              y2="-150"
            />
            <text
              dy="0.71em"
              fill="#828586"
              font-size="18.57px"
              y="3"
            >
              80%
            </text>
          </g>
          <g
            class="tick"
            opacity="1"
            transform="translate(0.5,0)"
          >
            <line
              stroke="#D2D3D4"
              y2="-150"
            />
            <text
              dy="0.71em"
              fill="#828586"
              font-size="18.57px"
              y="3"
            >
              100%
            </text>
          </g>
        </g>
        <g
          class="y-axis"
          fill="none"
          font-family="sans-serif"
          font-size="10"
          text-anchor="end"
        >
          <g
            class="tick"
            opacity="1"
            transform="translate(0,22.674418604651155)"
          >
            <text
              dy="0.32em"
              fill="currentColor"
              font-size="1.2rem"
              x="-9"
            >
              a
            </text>
          </g>
          <g
            class="tick"
            opacity="1"
            transform="translate(0,57.55813953488371)"
          >
            <text
              dy="0.32em"
              fill="currentColor"
              font-size="1.2rem"
              x="-9"
            >
              b
            </text>
          </g>
          <g
            class="tick"
            opacity="1"
            transform="translate(0,92.44186046511626)"
          >
            <text
              dy="0.32em"
              fill="currentColor"
              font-size="1.2rem"
              x="-9"
            >
              c
            </text>
          </g>
          <g
            class="tick"
            opacity="1"
            transform="translate(0,127.32558139534882)"
          >
            <text
              dy="0.32em"
              fill="currentColor"
              font-size="1.2rem"
              x="-9"
            >
              d
            </text>
          </g>
        </g>
        <g
          class="levels"
        />
        <g
          class="bars"
        >
          <rect
            class="bar"
            data-testid="bar-a"
            fill="#7EBEC7"
            height="24.418604651162788"
            opacity="1"
            width="0"
            x="0"
            y="10.465116279069761"
          />
          <rect
            class="bar"
            data-testid="bar-b"
            fill="#7EBEC7"
            height="24.418604651162788"
            opacity="1"
            width="0"
            x="0"
            y="45.34883720930232"
          />
          <rect
            class="bar"
            data-testid="bar-c"
            fill="#7EBEC7"
            height="24.418604651162788"
            opacity="1"
            width="0"
            x="0"
            y="80.23255813953487"
          />
          <rect
            class="bar"
            data-testid="bar-d"
            fill="#7EBEC7"
            height="24.418604651162788"
            opacity="1"
            width="0"
            x="0"
            y="115.11627906976743"
          />
        </g>
      </g>
    </svg>
  </div>
</div>
`;

exports[`Render zoomed with levels @500px 1`] = `
<div>
  <div
    style="width: 90%; margin: auto;"
  >
    <svg
      class="barChart"
      height="150"
      style="background-color: white;"
      width="0"
    >
      <g
        transform="translate(0, 0)"
      >
        <g
          class="x-axis"
          fill="none"
          font-family="sans-serif"
          font-size="10"
          style="transform: translateY(150px);"
          text-anchor="middle"
        >
          <g
            class="tick"
            opacity="1"
            transform="translate(0.5,0)"
          >
            <line
              stroke="#D2D3D4"
              y2="-150"
            />
            <text
              dy="0.71em"
              fill="#828586"
              font-size="18.57px"
              y="3"
            >
              0%
            </text>
          </g>
          <g
            class="tick"
            opacity="1"
            transform="translate(0.5,0)"
          >
            <line
              stroke="#D2D3D4"
              y2="-150"
            />
            <text
              dy="0.71em"
              fill="#828586"
              font-size="18.57px"
              y="3"
            >
              20%
            </text>
          </g>
          <g
            class="tick"
            opacity="1"
            transform="translate(0.5,0)"
          >
            <line
              stroke="#D2D3D4"
              y2="-150"
            />
            <text
              dy="0.71em"
              fill="#828586"
              font-size="18.57px"
              y="3"
            >
              40%
            </text>
          </g>
          <g
            class="tick"
            opacity="1"
            transform="translate(0.5,0)"
          >
            <line
              stroke="#D2D3D4"
              y2="-150"
            />
            <text
              dy="0.71em"
              fill="#828586"
              font-size="18.57px"
              y="3"
            >
              60%
            </text>
          </g>
          <g
            class="tick"
            opacity="1"
            transform="translate(0.5,0)"
          >
            <line
              stroke="#D2D3D4"
              y2="-150"
            />
            <text
              dy="0.71em"
              fill="#828586"
              font-size="18.57px"
              y="3"
            >
              80%
            </text>
          </g>
          <g
            class="tick"
            opacity="1"
            transform="translate(0.5,0)"
          >
            <line
              stroke="#D2D3D4"
              y2="-150"
            />
            <text
              dy="0.71em"
              fill="#828586"
              font-size="18.57px"
              y="3"
            >
              100%
            </text>
          </g>
        </g>
        <g
          class="y-axis"
          fill="none"
          font-family="sans-serif"
          font-size="10"
          text-anchor="end"
        >
          <g
            class="tick"
            opacity="1"
            transform="translate(0,22.674418604651155)"
          >
            <text
              dy="0.32em"
              fill="currentColor"
              font-size="1.2rem"
              x="-9"
            >
              a
            </text>
          </g>
          <g
            class="tick"
            opacity="1"
            transform="translate(0,57.55813953488371)"
          >
            <text
              dy="0.32em"
              fill="currentColor"
              font-size="1.2rem"
              x="-9"
            >
              b
            </text>
          </g>
          <g
            class="tick"
            opacity="1"
            transform="translate(0,92.44186046511626)"
          >
            <text
              dy="0.32em"
              fill="currentColor"
              font-size="1.2rem"
              x="-9"
            >
              c
            </text>
          </g>
          <g
            class="tick"
            opacity="1"
            transform="translate(0,127.32558139534882)"
          >
            <text
              dy="0.32em"
              fill="currentColor"
              font-size="1.2rem"
              x="-9"
            >
              d
            </text>
          </g>
        </g>
        <g
          class="levels"
        >
          <rect
            class="level"
            data-testid="level-high"
            fill="#3baa34"
            height="150"
            opacity="0.2"
            width="0"
            x="0"
            y="0"
          />
          <rect
            class="level"
            data-testid="level-mid"
            fill="#fd9c00"
            height="150"
            opacity="0.2"
            width="0"
            x="0"
            y="0"
          />
          <rect
            class="level"
            data-testid="level-low"
            fill="#e30713"
            height="150"
            opacity="0.2"
            width="0"
            x="0"
            y="0"
          />
        </g>
        <g
          class="bars"
        >
          <rect
            class="bar"
            data-testid="bar-a"
            fill="#7EBEC7"
            height="24.418604651162788"
            opacity="1"
            width="0"
            x="0"
            y="10.465116279069761"
          />
          <rect
            class="bar"
            data-testid="bar-b"
            fill="#7EBEC7"
            height="24.418604651162788"
            opacity="1"
            width="0"
            x="0"
            y="45.34883720930232"
          />
          <rect
            class="bar"
            data-testid="bar-c"
            fill="#7EBEC7"
            height="24.418604651162788"
            opacity="1"
            width="0"
            x="0"
            y="80.23255813953487"
          />
          <rect
            class="bar"
            data-testid="bar-d"
            fill="#7EBEC7"
            height="24.418604651162788"
            opacity="1"
            width="0"
            x="0"
            y="115.11627906976743"
          />
        </g>
      </g>
    </svg>
  </div>
</div>
`;
